Analysis & Synthesis report for subl_template
Thu Apr 23 17:07:38 2020
Quartus Prime Version 19.1.0 Build 670 09/22/2019 SJ Lite Edition


---------------------
; Table of Contents ;
---------------------
  1. Legal Notice
  2. Analysis & Synthesis Summary
  3. Analysis & Synthesis Settings
  4. Parallel Compilation
  5. Analysis & Synthesis Source Files Read
  6. Analysis & Synthesis Resource Usage Summary
  7. Analysis & Synthesis Resource Utilization by Entity
  8. Registers Removed During Synthesis
  9. General Register Statistics
 10. Inverted Register Statistics
 11. Multiplexer Restructuring Statistics (Restructuring Performed)
 12. Parameter Settings for User Entity Instance: Top-level Entity: |helloworld
 13. Parameter Settings for User Entity Instance: txuart:transmitter
 14. Post-Synthesis Netlist Statistics for Top Partition
 15. Elapsed Time Per Partition
 16. Analysis & Synthesis Messages



----------------
; Legal Notice ;
----------------
Copyright (C) 2019  Intel Corporation. All rights reserved.
Your use of Intel Corporation's design tools, logic functions 
and other software and tools, and any partner logic 
functions, and any output files from any of the foregoing 
(including device programming or simulation files), and any 
associated documentation or information are expressly subject 
to the terms and conditions of the Intel Program License 
Subscription Agreement, the Intel Quartus Prime License Agreement,
the Intel FPGA IP License Agreement, or other applicable license
agreement, including, without limitation, that your use is for
the sole purpose of programming logic devices manufactured by
Intel and sold by Intel or its authorized distributors.  Please
refer to the applicable agreement for further details, at
https://fpgasoftware.intel.com/eula.



+----------------------------------------------------------------------------------+
; Analysis & Synthesis Summary                                                     ;
+------------------------------------+---------------------------------------------+
; Analysis & Synthesis Status        ; Successful - Thu Apr 23 17:07:38 2020       ;
; Quartus Prime Version              ; 19.1.0 Build 670 09/22/2019 SJ Lite Edition ;
; Revision Name                      ; subl_template                               ;
; Top-level Entity Name              ; helloworld                                  ;
; Family                             ; MAX 10                                      ;
; Total logic elements               ; 116                                         ;
;     Total combinational functions  ; 116                                         ;
;     Dedicated logic registers      ; 80                                          ;
; Total registers                    ; 80                                          ;
; Total pins                         ; 2                                           ;
; Total virtual pins                 ; 0                                           ;
; Total memory bits                  ; 0                                           ;
; Embedded Multiplier 9-bit elements ; 0                                           ;
; Total PLLs                         ; 0                                           ;
; UFM blocks                         ; 0                                           ;
; ADC blocks                         ; 0                                           ;
+------------------------------------+---------------------------------------------+


+------------------------------------------------------------------------------------------------------------+
; Analysis & Synthesis Settings                                                                              ;
+------------------------------------------------------------------+--------------------+--------------------+
; Option                                                           ; Setting            ; Default Value      ;
+------------------------------------------------------------------+--------------------+--------------------+
; Device                                                           ; 10M50DAF484C6GES   ;                    ;
; Top-level entity name                                            ; helloworld         ; subl_template      ;
; Family name                                                      ; MAX 10             ; Cyclone V          ;
; Use smart compilation                                            ; Off                ; Off                ;
; Enable parallel Assembler and Timing Analyzer during compilation ; On                 ; On                 ;
; Enable compact report table                                      ; Off                ; Off                ;
; Restructure Multiplexers                                         ; Auto               ; Auto               ;
; Create Debugging Nodes for IP Cores                              ; Off                ; Off                ;
; Preserve fewer node names                                        ; On                 ; On                 ;
; Intel FPGA IP Evaluation Mode                                    ; Enable             ; Enable             ;
; Verilog Version                                                  ; Verilog_2001       ; Verilog_2001       ;
; VHDL Version                                                     ; VHDL_1993          ; VHDL_1993          ;
; State Machine Processing                                         ; Auto               ; Auto               ;
; Safe State Machine                                               ; Off                ; Off                ;
; Extract Verilog State Machines                                   ; On                 ; On                 ;
; Extract VHDL State Machines                                      ; On                 ; On                 ;
; Ignore Verilog initial constructs                                ; Off                ; Off                ;
; Iteration limit for constant Verilog loops                       ; 5000               ; 5000               ;
; Iteration limit for non-constant Verilog loops                   ; 250                ; 250                ;
; Add Pass-Through Logic to Inferred RAMs                          ; On                 ; On                 ;
; Infer RAMs from Raw Logic                                        ; On                 ; On                 ;
; Parallel Synthesis                                               ; On                 ; On                 ;
; DSP Block Balancing                                              ; Auto               ; Auto               ;
; NOT Gate Push-Back                                               ; On                 ; On                 ;
; Power-Up Don't Care                                              ; On                 ; On                 ;
; Remove Redundant Logic Cells                                     ; Off                ; Off                ;
; Remove Duplicate Registers                                       ; On                 ; On                 ;
; Ignore CARRY Buffers                                             ; Off                ; Off                ;
; Ignore CASCADE Buffers                                           ; Off                ; Off                ;
; Ignore GLOBAL Buffers                                            ; Off                ; Off                ;
; Ignore ROW GLOBAL Buffers                                        ; Off                ; Off                ;
; Ignore LCELL Buffers                                             ; Off                ; Off                ;
; Ignore SOFT Buffers                                              ; On                 ; On                 ;
; Limit AHDL Integers to 32 Bits                                   ; Off                ; Off                ;
; Optimization Technique                                           ; Balanced           ; Balanced           ;
; Carry Chain Length                                               ; 70                 ; 70                 ;
; Auto Carry Chains                                                ; On                 ; On                 ;
; Auto Open-Drain Pins                                             ; On                 ; On                 ;
; Perform WYSIWYG Primitive Resynthesis                            ; Off                ; Off                ;
; Auto ROM Replacement                                             ; On                 ; On                 ;
; Auto RAM Replacement                                             ; On                 ; On                 ;
; Auto DSP Block Replacement                                       ; On                 ; On                 ;
; Auto Shift Register Replacement                                  ; Auto               ; Auto               ;
; Allow Shift Register Merging across Hierarchies                  ; Auto               ; Auto               ;
; Auto Clock Enable Replacement                                    ; On                 ; On                 ;
; Strict RAM Replacement                                           ; Off                ; Off                ;
; Allow Synchronous Control Signals                                ; On                 ; On                 ;
; Force Use of Synchronous Clear Signals                           ; Off                ; Off                ;
; Auto RAM Block Balancing                                         ; On                 ; On                 ;
; Auto RAM to Logic Cell Conversion                                ; Off                ; Off                ;
; Auto Resource Sharing                                            ; Off                ; Off                ;
; Allow Any RAM Size For Recognition                               ; Off                ; Off                ;
; Allow Any ROM Size For Recognition                               ; Off                ; Off                ;
; Allow Any Shift Register Size For Recognition                    ; Off                ; Off                ;
; Use LogicLock Constraints during Resource Balancing              ; On                 ; On                 ;
; Ignore translate_off and synthesis_off directives                ; Off                ; Off                ;
; Timing-Driven Synthesis                                          ; On                 ; On                 ;
; Report Parameter Settings                                        ; On                 ; On                 ;
; Report Source Assignments                                        ; On                 ; On                 ;
; Report Connectivity Checks                                       ; On                 ; On                 ;
; Ignore Maximum Fan-Out Assignments                               ; Off                ; Off                ;
; Synchronization Register Chain Length                            ; 2                  ; 2                  ;
; Power Optimization During Synthesis                              ; Normal compilation ; Normal compilation ;
; HDL message level                                                ; Level2             ; Level2             ;
; Suppress Register Optimization Related Messages                  ; Off                ; Off                ;
; Number of Removed Registers Reported in Synthesis Report         ; 5000               ; 5000               ;
; Number of Swept Nodes Reported in Synthesis Report               ; 5000               ; 5000               ;
; Number of Inverted Registers Reported in Synthesis Report        ; 100                ; 100                ;
; Clock MUX Protection                                             ; On                 ; On                 ;
; Auto Gated Clock Conversion                                      ; Off                ; Off                ;
; Block Design Naming                                              ; Auto               ; Auto               ;
; SDC constraint protection                                        ; Off                ; Off                ;
; Synthesis Effort                                                 ; Auto               ; Auto               ;
; Shift Register Replacement - Allow Asynchronous Clear Signal     ; On                 ; On                 ;
; Pre-Mapping Resynthesis Optimization                             ; Off                ; Off                ;
; Analysis & Synthesis Message Level                               ; Medium             ; Medium             ;
; Disable Register Merging Across Hierarchies                      ; Auto               ; Auto               ;
; Resource Aware Inference For Block RAM                           ; On                 ; On                 ;
+------------------------------------------------------------------+--------------------+--------------------+


+------------------------------------------+
; Parallel Compilation                     ;
+----------------------------+-------------+
; Processors                 ; Number      ;
+----------------------------+-------------+
; Number detected on machine ; 4           ;
; Maximum allowed            ; 2           ;
;                            ;             ;
; Average used               ; 1.00        ;
; Maximum used               ; 2           ;
;                            ;             ;
; Usage by Processor         ; % Time Used ;
;     Processor 1            ; 100.0%      ;
;     Processor 2            ;   0.0%      ;
+----------------------------+-------------+


+---------------------------------------------------------------------------------------------------------------------------------------------+
; Analysis & Synthesis Source Files Read                                                                                                      ;
+----------------------------------+-----------------+------------------------+-----------------------------------------------------+---------+
; File Name with User-Entered Path ; Used in Netlist ; File Type              ; File Name with Absolute Path                        ; Library ;
+----------------------------------+-----------------+------------------------+-----------------------------------------------------+---------+
; ../rtl/txuart.v                  ; yes             ; User Verilog HDL File  ; /home/zinka/Downloads/sbl_template/rtl/txuart.v     ;         ;
; ../rtl/helloworld.v              ; yes             ; User Verilog HDL File  ; /home/zinka/Downloads/sbl_template/rtl/helloworld.v ;         ;
+----------------------------------+-----------------+------------------------+-----------------------------------------------------+---------+


+-----------------------------------------------------------+
; Analysis & Synthesis Resource Usage Summary               ;
+---------------------------------------------+-------------+
; Resource                                    ; Usage       ;
+---------------------------------------------+-------------+
; Estimated Total logic elements              ; 116         ;
;                                             ;             ;
; Total combinational functions               ; 116         ;
; Logic element usage by number of LUT inputs ;             ;
;     -- 4 input functions                    ; 43          ;
;     -- 3 input functions                    ; 6           ;
;     -- <=2 input functions                  ; 67          ;
;                                             ;             ;
; Logic elements by mode                      ;             ;
;     -- normal mode                          ; 66          ;
;     -- arithmetic mode                      ; 50          ;
;                                             ;             ;
; Total registers                             ; 80          ;
;     -- Dedicated logic registers            ; 80          ;
;     -- I/O registers                        ; 0           ;
;                                             ;             ;
; I/O pins                                    ; 2           ;
;                                             ;             ;
; Embedded Multiplier 9-bit elements          ; 0           ;
;                                             ;             ;
; Maximum fan-out node                        ; i_clk~input ;
; Maximum fan-out                             ; 80          ;
; Total fan-out                               ; 559         ;
; Average fan-out                             ; 2.79        ;
+---------------------------------------------+-------------+


+-----------------------------------------------------------------------------------------------------------------------------------------------------------------------------------------------------------------------------------------------+
; Analysis & Synthesis Resource Utilization by Entity                                                                                                                                                                                           ;
+----------------------------+---------------------+---------------------------+-------------+------------+--------------+---------+-----------+------+--------------+------------+--------------------------------+-------------+--------------+
; Compilation Hierarchy Node ; Combinational ALUTs ; Dedicated Logic Registers ; Memory Bits ; UFM Blocks ; DSP Elements ; DSP 9x9 ; DSP 18x18 ; Pins ; Virtual Pins ; ADC blocks ; Full Hierarchy Name            ; Entity Name ; Library Name ;
+----------------------------+---------------------+---------------------------+-------------+------------+--------------+---------+-----------+------+--------------+------------+--------------------------------+-------------+--------------+
; |helloworld                ; 116 (65)            ; 80 (41)                   ; 0           ; 0          ; 0            ; 0       ; 0         ; 2    ; 0            ; 0          ; |helloworld                    ; helloworld  ; work         ;
;    |txuart:transmitter|    ; 51 (51)             ; 39 (39)                   ; 0           ; 0          ; 0            ; 0       ; 0         ; 0    ; 0            ; 0          ; |helloworld|txuart:transmitter ; txuart      ; work         ;
+----------------------------+---------------------+---------------------------+-------------+------------+--------------+---------+-----------+------+--------------+------------+--------------------------------+-------------+--------------+
Note: For table entries with two numbers listed, the numbers in parentheses indicate the number of resources of the given type used by the specific entity alone. The numbers listed outside of parentheses indicate the total resources of the given type used by the specific entity and all of its sub-entities in the hierarchy.


+--------------------------------------------------------------------------------+
; Registers Removed During Synthesis                                             ;
+---------------------------------------+----------------------------------------+
; Register name                         ; Reason for Removal                     ;
+---------------------------------------+----------------------------------------+
; tx_data[7]                            ; Stuck at GND due to stuck port data_in ;
; Total Number of Removed Registers = 1 ;                                        ;
+---------------------------------------+----------------------------------------+


+------------------------------------------------------+
; General Register Statistics                          ;
+----------------------------------------------+-------+
; Statistic                                    ; Value ;
+----------------------------------------------+-------+
; Total registers                              ; 80    ;
; Number of registers using Synchronous Clear  ; 0     ;
; Number of registers using Synchronous Load   ; 24    ;
; Number of registers using Asynchronous Clear ; 0     ;
; Number of registers using Asynchronous Load  ; 0     ;
; Number of registers using Clock Enable       ; 37    ;
; Number of registers using Preset             ; 0     ;
+----------------------------------------------+-------+


+---------------------------------------------------+
; Inverted Register Statistics                      ;
+-----------------------------------------+---------+
; Inverted Register                       ; Fan out ;
+-----------------------------------------+---------+
; txuart:transmitter|lcl_data[0]          ; 1       ;
; txuart:transmitter|lcl_data[1]          ; 1       ;
; txuart:transmitter|baud_stb             ; 4       ;
; txuart:transmitter|state[0]             ; 3       ;
; txuart:transmitter|state[1]             ; 2       ;
; txuart:transmitter|state[3]             ; 5       ;
; txuart:transmitter|state[2]             ; 3       ;
; txuart:transmitter|lcl_data[2]          ; 1       ;
; hz_counter[1]                           ; 2       ;
; hz_counter[2]                           ; 2       ;
; hz_counter[4]                           ; 2       ;
; txuart:transmitter|lcl_data[3]          ; 1       ;
; txuart:transmitter|lcl_data[4]          ; 1       ;
; txuart:transmitter|lcl_data[5]          ; 1       ;
; txuart:transmitter|lcl_data[6]          ; 1       ;
; txuart:transmitter|lcl_data[7]          ; 1       ;
; txuart:transmitter|lcl_data[8]          ; 1       ;
; Total number of inverted registers = 17 ;         ;
+-----------------------------------------+---------+


+----------------------------------------------------------------------------------------------------------------------------------------------------------+
; Multiplexer Restructuring Statistics (Restructuring Performed)                                                                                           ;
+--------------------+-----------+---------------+----------------------+------------------------+------------+--------------------------------------------+
; Multiplexer Inputs ; Bus Width ; Baseline Area ; Area if Restructured ; Saving if Restructured ; Registered ; Example Multiplexer Output                 ;
+--------------------+-----------+---------------+----------------------+------------------------+------------+--------------------------------------------+
; 4:1                ; 24 bits   ; 48 LEs        ; 24 LEs               ; 24 LEs                 ; Yes        ; |helloworld|txuart:transmitter|counter[20] ;
; 3:1                ; 7 bits    ; 14 LEs        ; 7 LEs                ; 7 LEs                  ; Yes        ; |helloworld|txuart:transmitter|lcl_data[3] ;
; 5:1                ; 4 bits    ; 12 LEs        ; 8 LEs                ; 4 LEs                  ; Yes        ; |helloworld|txuart:transmitter|state[3]    ;
+--------------------+-----------+---------------+----------------------+------------------------+------------+--------------------------------------------+


+----------------------------------------------------------------------------+
; Parameter Settings for User Entity Instance: Top-level Entity: |helloworld ;
+--------------------+-----------+-------------------------------------------+
; Parameter Name     ; Value     ; Type                                      ;
+--------------------+-----------+-------------------------------------------+
; CLOCK_RATE_HZ      ; 100000000 ; Signed Integer                            ;
; BAUD_RATE          ; 115200    ; Signed Integer                            ;
; INITIAL_UART_SETUP ; 868       ; Signed Integer                            ;
+--------------------+-----------+-------------------------------------------+
Note: In order to hide this table in the UI and the text report file, please set the "Show Parameter Settings in Synthesis Report" option in "Analysis and Synthesis Settings -> More Settings" to "Off".


+-----------------------------------------------------------------+
; Parameter Settings for User Entity Instance: txuart:transmitter ;
+-----------------+--------------------------+--------------------+
; Parameter Name  ; Value                    ; Type               ;
+-----------------+--------------------------+--------------------+
; CLOCKS_PER_BAUD ; 000000000000001101100100 ; Unsigned Binary    ;
+-----------------+--------------------------+--------------------+
Note: In order to hide this table in the UI and the text report file, please set the "Show Parameter Settings in Synthesis Report" option in "Analysis and Synthesis Settings -> More Settings" to "Off".


+-----------------------------------------------------+
; Post-Synthesis Netlist Statistics for Top Partition ;
+-----------------------+-----------------------------+
; Type                  ; Count                       ;
+-----------------------+-----------------------------+
; boundary_port         ; 2                           ;
; cycloneiii_ff         ; 80                          ;
;     ENA               ; 13                          ;
;     ENA SLD           ; 24                          ;
;     plain             ; 43                          ;
; cycloneiii_lcell_comb ; 117                         ;
;     arith             ; 50                          ;
;         2 data inputs ; 50                          ;
;     normal            ; 67                          ;
;         0 data inputs ; 1                           ;
;         1 data inputs ; 6                           ;
;         2 data inputs ; 11                          ;
;         3 data inputs ; 6                           ;
;         4 data inputs ; 43                          ;
;                       ;                             ;
; Max LUT depth         ; 4.70                        ;
; Average LUT depth     ; 2.92                        ;
+-----------------------+-----------------------------+


+-------------------------------+
; Elapsed Time Per Partition    ;
+----------------+--------------+
; Partition Name ; Elapsed Time ;
+----------------+--------------+
; Top            ; 00:00:01     ;
+----------------+--------------+


+-------------------------------+
; Analysis & Synthesis Messages ;
+-------------------------------+
Info: *******************************************************************
Info: Running Quartus Prime Analysis & Synthesis
    Info: Version 19.1.0 Build 670 09/22/2019 SJ Lite Edition
    Info: Processing started: Thu Apr 23 17:07:22 2020
Info: Command: quartus_map --read_settings_files=on --write_settings_files=off subl_template -c subl_template
Warning (18236): Number of processors has not been specified which may cause overloading on shared machines.  Set the global assignment NUM_PARALLEL_PROCESSORS in your QSF to an appropriate value for best performance.
Info (20030): Parallel compilation is enabled and will use 2 of the 2 processors detected
Info (12021): Found 1 design units, including 1 entities, in source file /home/zinka/Downloads/sbl_template/rtl/txuart.v
    Info (12023): Found entity 1: txuart File: /home/zinka/Downloads/sbl_template/rtl/txuart.v Line: 42
Info (12021): Found 1 design units, including 1 entities, in source file /home/zinka/Downloads/sbl_template/rtl/reqwalker.v
    Info (12023): Found entity 1: reqwalker File: /home/zinka/Downloads/sbl_template/rtl/reqwalker.v Line: 30
Info (12021): Found 1 design units, including 1 entities, in source file /home/zinka/Downloads/sbl_template/rtl/ppsii.v
    Info (12023): Found entity 1: ppsii File: /home/zinka/Downloads/sbl_template/rtl/ppsii.v Line: 31
Info (12021): Found 1 design units, including 1 entities, in source file /home/zinka/Downloads/sbl_template/rtl/ppsi.v
    Info (12023): Found entity 1: ppsi File: /home/zinka/Downloads/sbl_template/rtl/ppsi.v Line: 30
Info (12021): Found 1 design units, including 1 entities, in source file /home/zinka/Downloads/sbl_template/rtl/maskbus.v
    Info (12023): Found entity 1: maskbus File: /home/zinka/Downloads/sbl_template/rtl/maskbus.v Line: 29
Info (12021): Found 1 design units, including 1 entities, in source file /home/zinka/Downloads/sbl_template/rtl/ledwalker.v
    Info (12023): Found entity 1: ledwalker File: /home/zinka/Downloads/sbl_template/rtl/ledwalker.v Line: 30
Info (12021): Found 1 design units, including 1 entities, in source file /home/zinka/Downloads/sbl_template/rtl/helloworld.v
    Info (12023): Found entity 1: helloworld File: /home/zinka/Downloads/sbl_template/rtl/helloworld.v Line: 3
Info (12021): Found 1 design units, including 1 entities, in source file /home/zinka/Downloads/sbl_template/rtl/blinky.v
    Info (12023): Found entity 1: blinky File: /home/zinka/Downloads/sbl_template/rtl/blinky.v Line: 27
Warning (12019): Can't analyze file -- file ../rtl/top.v is missing
Info (12021): Found 1 design units, including 1 entities, in source file /home/zinka/Downloads/sbl_template/rtl/thruwire.v
    Info (12023): Found entity 1: thruwire File: /home/zinka/Downloads/sbl_template/rtl/thruwire.v Line: 3
Info (12127): Elaborating entity "helloworld" for the top level hierarchy
Warning (10230): Verilog HDL assignment warning at helloworld.v(32): truncated value with size 32 to match size of target (28) File: /home/zinka/Downloads/sbl_template/rtl/helloworld.v Line: 32
Info (12128): Elaborating entity "txuart" for hierarchy "txuart:transmitter" File: /home/zinka/Downloads/sbl_template/rtl/helloworld.v Line: 89
Info (286030): Timing-Driven Synthesis is running
Info (16010): Generating hard_block partition "hard_block:auto_generated_inst"
    Info (16011): Adding 0 node(s), including 0 DDIO, 0 PLL, 0 transceiver and 0 LCELL
Info (21057): Implemented 119 device resources after synthesis - the final resource count might be different
    Info (21058): Implemented 1 input pins
    Info (21059): Implemented 1 output pins
    Info (21061): Implemented 117 logic cells
Info: Quartus Prime Analysis & Synthesis was successful. 0 errors, 3 warnings
    Info: Peak virtual memory: 944 megabytes
    Info: Processing ended: Thu Apr 23 17:07:38 2020
    Info: Elapsed time: 00:00:16
    Info: Total CPU time (on all processors): 00:00:35


